// Jest Snapshot v1, https://goo.gl/fbAQLP

exports[`ColorDisplay component renders a ColorDisplay 1`] = `
<div
  className="red"
/>
`;
