// Jest Snapshot v1, https://goo.gl/fbAQLP

exports[`Incrementer component renders a Incrementer 1`] = `
<Fragment>
  <p>
    Current Count: 
    0
  </p>
  <button
    onClick={[Function]}
  >
    Increase Count
  </button>
</Fragment>
`;
