// Jest Snapshot v1, https://goo.gl/fbAQLP

exports[`RandomColor component renders a RandomColor 1`] = `
<div
  className="blue"
/>
`;
